# dmidecode 3.2
Getting SMBIOS data from sysfs.
SMBIOS 3.1 present.

Handle 0x000E, DMI type 20, 35 bytes
Memory Device Mapped Address
	Starting Address: 0x00000000000
	Ending Address: 0x0007FFFFFFF
	Range Size: 2 GB
	Physical Device Handle: 0x000D
	Memory Array Mapped Address Handle: 0x0002
	Partition Row Position: Unknown
	Interleave Position: Unknown
	Interleaved Data Depth: Unknown

Handle 0x000F, DMI type 20, 35 bytes
Memory Device Mapped Address
	Starting Address: 0x00100000000
	Ending Address: 0x0087FFFFFFF
	Range Size: 30 GB
	Physical Device Handle: 0x000D
	Memory Array Mapped Address Handle: 0x0003
	Partition Row Position: Unknown
	Interleave Position: Unknown
	Interleaved Data Depth: Unknown

Handle 0x0012, DMI type 20, 35 bytes
Memory Device Mapped Address
	Starting Address: 0x00880000000
	Ending Address: 0x0107FFFFFFF
	Range Size: 32 GB
	Physical Device Handle: 0x0011
	Memory Array Mapped Address Handle: 0x0003
	Partition Row Position: Unknown
	Interleave Position: Unknown
	Interleaved Data Depth: Unknown

Handle 0x0015, DMI type 20, 35 bytes
Memory Device Mapped Address
	Starting Address: 0x01080000000
	Ending Address: 0x0187FFFFFFF
	Range Size: 32 GB
	Physical Device Handle: 0x0014
	Memory Array Mapped Address Handle: 0x0003
	Partition Row Position: Unknown
	Interleave Position: Unknown
	Interleaved Data Depth: Unknown

Handle 0x0018, DMI type 20, 35 bytes
Memory Device Mapped Address
	Starting Address: 0x01880000000
	Ending Address: 0x0207FFFFFFF
	Range Size: 32 GB
	Physical Device Handle: 0x0017
	Memory Array Mapped Address Handle: 0x0003
	Partition Row Position: Unknown
	Interleave Position: Unknown
	Interleaved Data Depth: Unknown

Handle 0x001B, DMI type 20, 35 bytes
Memory Device Mapped Address
	Starting Address: 0x02080000000
	Ending Address: 0x0287FFFFFFF
	Range Size: 32 GB
	Physical Device Handle: 0x001A
	Memory Array Mapped Address Handle: 0x0003
	Partition Row Position: Unknown
	Interleave Position: Unknown
	Interleaved Data Depth: Unknown

Handle 0x001E, DMI type 20, 35 bytes
Memory Device Mapped Address
	Starting Address: 0x02880000000
	Ending Address: 0x0307FFFFFFF
	Range Size: 32 GB
	Physical Device Handle: 0x001D
	Memory Array Mapped Address Handle: 0x0003
	Partition Row Position: Unknown
	Interleave Position: Unknown
	Interleaved Data Depth: Unknown

Handle 0x0021, DMI type 20, 35 bytes
Memory Device Mapped Address
	Starting Address: 0x03080000000
	Ending Address: 0x0387FFFFFFF
	Range Size: 32 GB
	Physical Device Handle: 0x0020
	Memory Array Mapped Address Handle: 0x0003
	Partition Row Position: Unknown
	Interleave Position: Unknown
	Interleaved Data Depth: Unknown

Handle 0x0024, DMI type 20, 35 bytes
Memory Device Mapped Address
	Starting Address: 0x03880000000
	Ending Address: 0x0407FFFFFFF
	Range Size: 32 GB
	Physical Device Handle: 0x0023
	Memory Array Mapped Address Handle: 0x0003
	Partition Row Position: Unknown
	Interleave Position: Unknown
	Interleaved Data Depth: Unknown

Handle 0x0027, DMI type 20, 35 bytes
Memory Device Mapped Address
	Starting Address: 0x04080000000
	Ending Address: 0x0487FFFFFFF
	Range Size: 32 GB
	Physical Device Handle: 0x0026
	Memory Array Mapped Address Handle: 0x0003
	Partition Row Position: Unknown
	Interleave Position: Unknown
	Interleaved Data Depth: Unknown

Handle 0x002A, DMI type 20, 35 bytes
Memory Device Mapped Address
	Starting Address: 0x04880000000
	Ending Address: 0x0507FFFFFFF
	Range Size: 32 GB
	Physical Device Handle: 0x0029
	Memory Array Mapped Address Handle: 0x0003
	Partition Row Position: Unknown
	Interleave Position: Unknown
	Interleaved Data Depth: Unknown

Handle 0x002D, DMI type 20, 35 bytes
Memory Device Mapped Address
	Starting Address: 0x05080000000
	Ending Address: 0x0587FFFFFFF
	Range Size: 32 GB
	Physical Device Handle: 0x002C
	Memory Array Mapped Address Handle: 0x0003
	Partition Row Position: Unknown
	Interleave Position: Unknown
	Interleaved Data Depth: Unknown

Handle 0x0030, DMI type 20, 35 bytes
Memory Device Mapped Address
	Starting Address: 0x05880000000
	Ending Address: 0x0607FFFFFFF
	Range Size: 32 GB
	Physical Device Handle: 0x002F
	Memory Array Mapped Address Handle: 0x0003
	Partition Row Position: Unknown
	Interleave Position: Unknown
	Interleaved Data Depth: Unknown

Handle 0x0033, DMI type 20, 35 bytes
Memory Device Mapped Address
	Starting Address: 0x06080000000
	Ending Address: 0x0687FFFFFFF
	Range Size: 32 GB
	Physical Device Handle: 0x0032
	Memory Array Mapped Address Handle: 0x0003
	Partition Row Position: Unknown
	Interleave Position: Unknown
	Interleaved Data Depth: Unknown

Handle 0x0036, DMI type 20, 35 bytes
Memory Device Mapped Address
	Starting Address: 0x06880000000
	Ending Address: 0x0707FFFFFFF
	Range Size: 32 GB
	Physical Device Handle: 0x0035
	Memory Array Mapped Address Handle: 0x0003
	Partition Row Position: Unknown
	Interleave Position: Unknown
	Interleaved Data Depth: Unknown

Handle 0x0039, DMI type 20, 35 bytes
Memory Device Mapped Address
	Starting Address: 0x07080000000
	Ending Address: 0x0787FFFFFFF
	Range Size: 32 GB
	Physical Device Handle: 0x0038
	Memory Array Mapped Address Handle: 0x0003
	Partition Row Position: Unknown
	Interleave Position: Unknown
	Interleaved Data Depth: Unknown

Handle 0x003C, DMI type 20, 35 bytes
Memory Device Mapped Address
	Starting Address: 0x07880000000
	Ending Address: 0x0807FFFFFFF
	Range Size: 32 GB
	Physical Device Handle: 0x003B
	Memory Array Mapped Address Handle: 0x0003
	Partition Row Position: Unknown
	Interleave Position: Unknown
	Interleaved Data Depth: Unknown

Handle 0x003F, DMI type 20, 35 bytes
Memory Device Mapped Address
	Starting Address: 0x08080000000
	Ending Address: 0x0887FFFFFFF
	Range Size: 32 GB
	Physical Device Handle: 0x003E
	Memory Array Mapped Address Handle: 0x0003
	Partition Row Position: Unknown
	Interleave Position: Unknown
	Interleaved Data Depth: Unknown

Handle 0x0042, DMI type 20, 35 bytes
Memory Device Mapped Address
	Starting Address: 0x08880000000
	Ending Address: 0x0907FFFFFFF
	Range Size: 32 GB
	Physical Device Handle: 0x0041
	Memory Array Mapped Address Handle: 0x0003
	Partition Row Position: Unknown
	Interleave Position: Unknown
	Interleaved Data Depth: Unknown

Handle 0x0047, DMI type 20, 35 bytes
Memory Device Mapped Address
	Starting Address: 0x09080000000
	Ending Address: 0x0987FFFFFFF
	Range Size: 32 GB
	Physical Device Handle: 0x0046
	Memory Array Mapped Address Handle: 0x0003
	Partition Row Position: Unknown
	Interleave Position: Unknown
	Interleaved Data Depth: Unknown

Handle 0x004A, DMI type 20, 35 bytes
Memory Device Mapped Address
	Starting Address: 0x09880000000
	Ending Address: 0x0A07FFFFFFF
	Range Size: 32 GB
	Physical Device Handle: 0x0049
	Memory Array Mapped Address Handle: 0x0003
	Partition Row Position: Unknown
	Interleave Position: Unknown
	Interleaved Data Depth: Unknown

Handle 0x004D, DMI type 20, 35 bytes
Memory Device Mapped Address
	Starting Address: 0x0A080000000
	Ending Address: 0x0A87FFFFFFF
	Range Size: 32 GB
	Physical Device Handle: 0x004C
	Memory Array Mapped Address Handle: 0x0003
	Partition Row Position: Unknown
	Interleave Position: Unknown
	Interleaved Data Depth: Unknown

Handle 0x0050, DMI type 20, 35 bytes
Memory Device Mapped Address
	Starting Address: 0x0A880000000
	Ending Address: 0x0B07FFFFFFF
	Range Size: 32 GB
	Physical Device Handle: 0x004F
	Memory Array Mapped Address Handle: 0x0003
	Partition Row Position: Unknown
	Interleave Position: Unknown
	Interleaved Data Depth: Unknown

Handle 0x0053, DMI type 20, 35 bytes
Memory Device Mapped Address
	Starting Address: 0x0B080000000
	Ending Address: 0x0B87FFFFFFF
	Range Size: 32 GB
	Physical Device Handle: 0x0052
	Memory Array Mapped Address Handle: 0x0003
	Partition Row Position: Unknown
	Interleave Position: Unknown
	Interleaved Data Depth: Unknown