# dmidecode 3.2
Getting SMBIOS data from sysfs.
SMBIOS 3.1 present.

Handle 0x0025, DMI type 19, 31 bytes
Memory Array Mapped Address
	Starting Address: 0x00000000000
	Ending Address: 0x0007FFFFFFF
	Range Size: 2 GB
	Physical Array Handle: 0x0024
	Partition Width: 8

Handle 0x0026, DMI type 19, 31 bytes
Memory Array Mapped Address
	Starting Address: 0x00100000000
	Ending Address: 0x0407FFFFFFF
	Range Size: 254 GB
	Physical Array Handle: 0x0024
	Partition Width: 8

Handle 0x002B, DMI type 19, 31 bytes
Memory Array Mapped Address
	Starting Address: 0x00000000000
	Ending Address: 0x0007FFFFFFF
	Range Size: 2 GB
	Physical Array Handle: 0xFFFE
	Partition Width: 8

Handle 0x002C, DMI type 19, 31 bytes
Memory Array Mapped Address
	Starting Address: 0x00100000000
	Ending Address: 0x0407FFFFFFF
	Range Size: 254 GB
	Physical Array Handle: 0xFFFE
	Partition Width: 8

Handle 0x0031, DMI type 19, 31 bytes
Memory Array Mapped Address
	Starting Address: 0x00000000000
	Ending Address: 0x0007FFFFFFF
	Range Size: 2 GB
	Physical Array Handle: 0xFFFE
	Partition Width: 8

Handle 0x0032, DMI type 19, 31 bytes
Memory Array Mapped Address
	Starting Address: 0x00100000000
	Ending Address: 0x0407FFFFFFF
	Range Size: 254 GB
	Physical Array Handle: 0xFFFE
	Partition Width: 8

Handle 0x0037, DMI type 19, 31 bytes
Memory Array Mapped Address
	Starting Address: 0x00000000000
	Ending Address: 0x0007FFFFFFF
	Range Size: 2 GB
	Physical Array Handle: 0xFFFE
	Partition Width: 8

Handle 0x0038, DMI type 19, 31 bytes
Memory Array Mapped Address
	Starting Address: 0x00100000000
	Ending Address: 0x0407FFFFFFF
	Range Size: 254 GB
	Physical Array Handle: 0xFFFE
	Partition Width: 8

Handle 0x003D, DMI type 19, 31 bytes
Memory Array Mapped Address
	Starting Address: 0x00000000000
	Ending Address: 0x0007FFFFFFF
	Range Size: 2 GB
	Physical Array Handle: 0xFFFE
	Partition Width: 8

Handle 0x003E, DMI type 19, 31 bytes
Memory Array Mapped Address
	Starting Address: 0x00100000000
	Ending Address: 0x0407FFFFFFF
	Range Size: 254 GB
	Physical Array Handle: 0xFFFE
	Partition Width: 8

Handle 0x0043, DMI type 19, 31 bytes
Memory Array Mapped Address
	Starting Address: 0x00000000000
	Ending Address: 0x0007FFFFFFF
	Range Size: 2 GB
	Physical Array Handle: 0xFFFE
	Partition Width: 8

Handle 0x0044, DMI type 19, 31 bytes
Memory Array Mapped Address
	Starting Address: 0x00100000000
	Ending Address: 0x0407FFFFFFF
	Range Size: 254 GB
	Physical Array Handle: 0xFFFE
	Partition Width: 8

Handle 0x0049, DMI type 19, 31 bytes
Memory Array Mapped Address
	Starting Address: 0x00000000000
	Ending Address: 0x0007FFFFFFF
	Range Size: 2 GB
	Physical Array Handle: 0xFFFE
	Partition Width: 8

Handle 0x004A, DMI type 19, 31 bytes
Memory Array Mapped Address
	Starting Address: 0x00100000000
	Ending Address: 0x0407FFFFFFF
	Range Size: 254 GB
	Physical Array Handle: 0xFFFE
	Partition Width: 8

Handle 0x004F, DMI type 19, 31 bytes
Memory Array Mapped Address
	Starting Address: 0x00000000000
	Ending Address: 0x0007FFFFFFF
	Range Size: 2 GB
	Physical Array Handle: 0xFFFE
	Partition Width: 8

Handle 0x0050, DMI type 19, 31 bytes
Memory Array Mapped Address
	Starting Address: 0x00100000000
	Ending Address: 0x0407FFFFFFF
	Range Size: 254 GB
	Physical Array Handle: 0xFFFE
	Partition Width: 8

